' A comment

                 
                 

                              

'comment

asm
bit of asm
endasm

MYVAR EQU 1

                      
            
            
           
     
             
       
    
    
             
         
         
    
                  

              
       
    
         

' comment

      